2026-02-06 12:54:29,120 - INFO - Indexes verified for aircon
2026-02-06 12:54:29,187 - INFO - Indexes verified for refrigerator
2026-02-06 12:54:29,254 - INFO - Indexes verified for electric_fan
2026-02-06 12:54:29,254 - INFO - Learning patterns from 20260103 to 20260111...
2026-02-06 12:54:29,257 - INFO - Pattern learning complete.
2026-02-06 12:54:29,257 - INFO - --- Reconstructing Day: 2026-01-03 ---
2026-02-06 12:54:29,290 - INFO - Dropped existing data for Aircon on 2026-01-03
2026-02-06 12:54:39,811 - INFO - Dropped existing data for Refrigerator on 2026-01-03
2026-02-06 12:54:50,240 - INFO - Dropped existing data for Electric_Fan on 2026-01-03
2026-02-06 12:55:00,829 - INFO - --- Reconstructing Day: 2026-01-04 ---
2026-02-06 12:55:00,864 - INFO - Dropped existing data for Aircon on 2026-01-04
2026-02-06 12:55:11,298 - INFO - Dropped existing data for Refrigerator on 2026-01-04
2026-02-06 12:55:21,727 - INFO - Dropped existing data for Electric_Fan on 2026-01-04
2026-02-06 12:55:32,185 - INFO - --- Reconstructing Day: 2026-01-05 ---
2026-02-06 12:55:32,216 - INFO - Dropped existing data for Aircon on 2026-01-05
2026-02-06 12:55:42,812 - INFO - Dropped existing data for Refrigerator on 2026-01-05
2026-02-06 12:55:53,526 - INFO - Dropped existing data for Electric_Fan on 2026-01-05
2026-02-06 12:56:03,846 - INFO - --- Reconstructing Day: 2026-01-06 ---
2026-02-06 12:56:03,879 - INFO - Dropped existing data for Aircon on 2026-01-06
2026-02-06 12:56:14,559 - INFO - Dropped existing data for Refrigerator on 2026-01-06
2026-02-06 12:56:25,010 - INFO - Dropped existing data for Electric_Fan on 2026-01-06
2026-02-06 12:56:35,276 - INFO - --- Reconstructing Day: 2026-01-07 ---
2026-02-06 12:56:35,308 - INFO - Dropped existing data for Aircon on 2026-01-07
2026-02-06 12:56:46,014 - INFO - Dropped existing data for Refrigerator on 2026-01-07
2026-02-06 12:56:58,659 - INFO - Dropped existing data for Electric_Fan on 2026-01-07
2026-02-06 12:57:09,200 - INFO - --- Reconstructing Day: 2026-01-08 ---
2026-02-06 12:57:09,232 - INFO - Dropped existing data for Aircon on 2026-01-08
2026-02-06 12:57:20,716 - INFO - Dropped existing data for Refrigerator on 2026-01-08
2026-02-06 12:57:31,132 - INFO - Dropped existing data for Electric_Fan on 2026-01-08
2026-02-06 12:57:41,675 - INFO - --- Reconstructing Day: 2026-01-09 ---
2026-02-06 12:57:41,708 - INFO - Dropped existing data for Aircon on 2026-01-09
2026-02-06 12:57:52,077 - INFO - Dropped existing data for Refrigerator on 2026-01-09
2026-02-06 12:58:02,629 - INFO - Dropped existing data for Electric_Fan on 2026-01-09
2026-02-06 12:58:13,192 - INFO - --- Reconstructing Day: 2026-01-10 ---
2026-02-06 12:58:13,224 - INFO - Dropped existing data for Aircon on 2026-01-10
2026-02-06 12:58:23,655 - INFO - Dropped existing data for Refrigerator on 2026-01-10
2026-02-06 12:58:34,447 - INFO - Dropped existing data for Electric_Fan on 2026-01-10
2026-02-06 12:58:44,829 - INFO - --- Reconstructing Day: 2026-01-11 ---
2026-02-06 12:58:44,932 - INFO - Dropped existing data for Aircon on 2026-01-11
2026-02-06 12:58:55,600 - INFO - Dropped existing data for Refrigerator on 2026-01-11
2026-02-06 12:59:06,114 - INFO - Dropped existing data for Electric_Fan on 2026-01-11
2026-02-06 12:59:16,792 - INFO - --- Reconstructing Day: 2026-01-12 ---
2026-02-06 12:59:16,822 - INFO - Dropped existing data for Aircon on 2026-01-12
2026-02-06 12:59:27,927 - INFO - Dropped existing data for Refrigerator on 2026-01-12
2026-02-06 12:59:38,132 - INFO - Dropped existing data for Electric_Fan on 2026-01-12
2026-02-06 12:59:50,273 - INFO - --- Reconstructing Day: 2026-01-13 ---
2026-02-06 12:59:50,303 - INFO - Dropped existing data for Aircon on 2026-01-13
2026-02-06 13:00:02,806 - INFO - Dropped existing data for Refrigerator on 2026-01-13
2026-02-06 13:00:13,844 - INFO - Dropped existing data for Electric_Fan on 2026-01-13
2026-02-06 13:00:24,711 - INFO - --- Reconstructing Day: 2026-01-14 ---
2026-02-06 13:00:24,740 - INFO - Dropped existing data for Aircon on 2026-01-14
2026-02-06 13:00:35,095 - INFO - Dropped existing data for Refrigerator on 2026-01-14
2026-02-06 13:00:45,765 - INFO - Dropped existing data for Electric_Fan on 2026-01-14
2026-02-06 13:00:56,156 - INFO - --- Reconstructing Day: 2026-01-15 ---
2026-02-06 13:00:56,185 - INFO - Dropped existing data for Aircon on 2026-01-15
2026-02-06 13:01:06,521 - INFO - Dropped existing data for Refrigerator on 2026-01-15
2026-02-06 13:01:17,009 - INFO - Dropped existing data for Electric_Fan on 2026-01-15
2026-02-06 13:01:27,212 - INFO - --- Reconstructing Day: 2026-01-16 ---
2026-02-06 13:01:27,244 - INFO - Dropped existing data for Aircon on 2026-01-16
2026-02-06 13:01:37,487 - INFO - Dropped existing data for Refrigerator on 2026-01-16
2026-02-06 13:01:47,572 - INFO - Dropped existing data for Electric_Fan on 2026-01-16
2026-02-06 13:01:58,570 - INFO - --- Reconstructing Day: 2026-01-17 ---
2026-02-06 13:01:58,600 - INFO - Dropped existing data for Aircon on 2026-01-17
2026-02-06 13:02:10,241 - INFO - Dropped existing data for Refrigerator on 2026-01-17
2026-02-06 13:02:20,617 - INFO - Dropped existing data for Electric_Fan on 2026-01-17
2026-02-06 13:02:30,788 - INFO - --- Reconstructing Day: 2026-01-18 ---
2026-02-06 13:02:30,902 - INFO - Dropped existing data for Aircon on 2026-01-18
2026-02-06 13:02:41,420 - INFO - Dropped existing data for Refrigerator on 2026-01-18
2026-02-06 13:02:52,057 - INFO - Dropped existing data for Electric_Fan on 2026-01-18
2026-02-06 13:03:02,435 - INFO - --- Reconstructing Day: 2026-01-19 ---
2026-02-06 13:03:02,482 - INFO - Dropped existing data for Aircon on 2026-01-19
2026-02-06 13:03:13,097 - INFO - Dropped existing data for Refrigerator on 2026-01-19
2026-02-06 13:03:23,396 - INFO - Dropped existing data for Electric_Fan on 2026-01-19
2026-02-06 13:03:33,599 - INFO - --- Reconstructing Day: 2026-01-20 ---
2026-02-06 13:03:33,631 - INFO - Dropped existing data for Aircon on 2026-01-20
2026-02-06 13:03:43,888 - INFO - Dropped existing data for Refrigerator on 2026-01-20
2026-02-06 13:03:55,121 - INFO - Dropped existing data for Electric_Fan on 2026-01-20
2026-02-06 13:04:05,495 - INFO - --- Reconstructing Day: 2026-01-21 ---
2026-02-06 13:04:05,527 - INFO - Dropped existing data for Aircon on 2026-01-21
2026-02-06 13:04:15,862 - INFO - Dropped existing data for Refrigerator on 2026-01-21
2026-02-06 13:04:26,645 - INFO - Dropped existing data for Electric_Fan on 2026-01-21
2026-02-06 13:04:37,259 - INFO - --- Reconstructing Day: 2026-01-22 ---
2026-02-06 13:04:37,290 - INFO - Dropped existing data for Aircon on 2026-01-22
2026-02-06 13:04:48,909 - INFO - Dropped existing data for Refrigerator on 2026-01-22
2026-02-06 13:04:59,155 - INFO - Dropped existing data for Electric_Fan on 2026-01-22
2026-02-06 13:05:09,670 - INFO - --- Reconstructing Day: 2026-01-23 ---
2026-02-06 13:05:09,765 - INFO - Dropped existing data for Aircon on 2026-01-23
2026-02-06 13:05:20,321 - INFO - Dropped existing data for Refrigerator on 2026-01-23
2026-02-06 13:05:30,829 - INFO - Dropped existing data for Electric_Fan on 2026-01-23
2026-02-06 13:05:41,221 - INFO - --- Reconstructing Day: 2026-01-24 ---
2026-02-06 13:05:41,252 - INFO - Dropped existing data for Aircon on 2026-01-24
2026-02-06 13:05:51,491 - INFO - Dropped existing data for Refrigerator on 2026-01-24
2026-02-06 13:06:02,844 - INFO - Dropped existing data for Electric_Fan on 2026-01-24
2026-02-06 13:06:13,364 - INFO - --- Reconstructing Day: 2026-01-25 ---
2026-02-06 13:06:13,396 - INFO - Dropped existing data for Aircon on 2026-01-25
2026-02-06 13:06:24,739 - INFO - Dropped existing data for Refrigerator on 2026-01-25
2026-02-06 13:06:34,915 - INFO - Dropped existing data for Electric_Fan on 2026-01-25
2026-02-06 13:06:45,217 - INFO - --- Reconstructing Day: 2026-01-26 ---
2026-02-06 13:06:45,247 - INFO - Dropped existing data for Aircon on 2026-01-26
2026-02-06 13:06:55,480 - INFO - Dropped existing data for Refrigerator on 2026-01-26
2026-02-06 13:07:05,763 - INFO - Dropped existing data for Electric_Fan on 2026-01-26
2026-02-06 13:07:16,120 - INFO - --- Reconstructing Day: 2026-01-27 ---
2026-02-06 13:07:16,151 - INFO - Dropped existing data for Aircon on 2026-01-27
2026-02-06 13:07:26,421 - INFO - Dropped existing data for Refrigerator on 2026-01-27
2026-02-06 13:07:39,221 - INFO - Dropped existing data for Electric_Fan on 2026-01-27
2026-02-06 13:07:49,528 - INFO - --- Reconstructing Day: 2026-01-28 ---
2026-02-06 13:07:49,566 - INFO - Dropped existing data for Aircon on 2026-01-28
2026-02-06 13:07:59,967 - INFO - Dropped existing data for Refrigerator on 2026-01-28
2026-02-06 13:08:10,373 - INFO - Dropped existing data for Electric_Fan on 2026-01-28
2026-02-06 13:08:20,607 - INFO - --- Reconstructing Day: 2026-01-29 ---
2026-02-06 13:08:20,638 - INFO - Dropped existing data for Aircon on 2026-01-29
2026-02-06 13:08:30,993 - INFO - Dropped existing data for Refrigerator on 2026-01-29
2026-02-06 13:08:41,918 - INFO - Dropped existing data for Electric_Fan on 2026-01-29
2026-02-06 13:08:52,229 - INFO - --- Reconstructing Day: 2026-01-30 ---
2026-02-06 13:08:52,260 - INFO - Dropped existing data for Aircon on 2026-01-30
2026-02-06 13:09:02,554 - INFO - Dropped existing data for Refrigerator on 2026-01-30
2026-02-06 13:09:12,814 - INFO - Dropped existing data for Electric_Fan on 2026-01-30
2026-02-06 13:09:23,648 - INFO - --- Reconstructing Day: 2026-01-31 ---
2026-02-06 13:09:23,679 - INFO - Dropped existing data for Aircon on 2026-01-31
2026-02-06 13:09:34,110 - INFO - Dropped existing data for Refrigerator on 2026-01-31
2026-02-06 13:09:44,313 - INFO - Dropped existing data for Electric_Fan on 2026-01-31
2026-02-06 13:09:54,843 - INFO - --- Reconstructing Day: 2026-02-01 ---
2026-02-06 13:09:54,873 - INFO - Dropped existing data for Aircon on 2026-02-01
2026-02-06 13:10:05,164 - INFO - Dropped existing data for Refrigerator on 2026-02-01
2026-02-06 13:10:15,460 - INFO - Dropped existing data for Electric_Fan on 2026-02-01
2026-02-06 13:10:25,604 - INFO - --- Reconstructing Day: 2026-02-02 ---
2026-02-06 13:10:25,637 - INFO - Dropped existing data for Aircon on 2026-02-02
2026-02-06 13:10:35,880 - INFO - Dropped existing data for Refrigerator on 2026-02-02
2026-02-06 13:10:46,194 - INFO - Dropped existing data for Electric_Fan on 2026-02-02
2026-02-06 13:10:56,545 - INFO - --- Reconstructing Day: 2026-02-03 ---
2026-02-06 13:10:56,577 - INFO - Dropped existing data for Aircon on 2026-02-03
2026-02-06 13:11:06,713 - INFO - Dropped existing data for Refrigerator on 2026-02-03
2026-02-06 13:11:17,293 - INFO - Dropped existing data for Electric_Fan on 2026-02-03
2026-02-06 13:11:27,463 - INFO - --- Reconstructing Day: 2026-02-04 ---
2026-02-06 13:11:27,493 - INFO - Dropped existing data for Aircon on 2026-02-04
2026-02-06 13:11:37,985 - INFO - Dropped existing data for Refrigerator on 2026-02-04
2026-02-06 13:11:48,468 - INFO - Dropped existing data for Electric_Fan on 2026-02-04
